
> ai-prompt@0.0.0 build
> vite build

[36mvite v8.0.10 [32mbuilding client environment for production...[36m[39m
[2K
transforming...Γ£ô 1985 modules transformed.
rendering chunks...
computing gzip size...
dist/index.html                   0.98 kB Γöé gzip:   0.53 kB
dist/assets/index-B6l_7deI.css   38.83 kB Γöé gzip:   6.89 kB
dist/assets/index-FqFUWOhy.js   351.08 kB Γöé gzip: 110.22 kB

[32mΓ£ô built in 1.04s[39m
